
> motorgap@0.1.0 build
> prisma generate && next build

Environment variables loaded from .env
Prisma schema loaded from prisma\schema.prisma

Ô£ö Generated Prisma Client (v5.10.2) to .\node_modules\@prisma\client in 531ms

Start using Prisma Client
```
import { PrismaClient } from @prisma/client
const prisma = new PrismaClient()
```

More information: https://pris.ly/d/client

ÔöîÔöÇÔöÇÔöÇÔöÇÔöÇÔöÇÔöÇÔöÇÔöÇÔöÇÔöÇÔöÇÔöÇÔöÇÔöÇÔöÇÔöÇÔöÇÔöÇÔöÇÔöÇÔöÇÔöÇÔöÇÔöÇÔöÇÔöÇÔöÇÔöÇÔöÇÔöÇÔöÇÔöÇÔöÇÔöÇÔöÇÔöÇÔöÇÔöÇÔöÇÔöÇÔöÇÔöÇÔöÇÔöÇÔöÇÔöÇÔöÇÔöÇÔöÇÔöÇÔöÇÔöÇÔöÇÔöÇÔöÇÔöÇÔöÇÔöÇÔöÇÔöÇÔöÉ
Ôöé  Deploying your app to serverless or edge functions?        Ôöé
Ôöé  Try Prisma Accelerate for connection pooling and caching.  Ôöé
Ôöé  https://pris.ly/cli/accelerate                             Ôöé
ÔööÔöÇÔöÇÔöÇÔöÇÔöÇÔöÇÔöÇÔöÇÔöÇÔöÇÔöÇÔöÇÔöÇÔöÇÔöÇÔöÇÔöÇÔöÇÔöÇÔöÇÔöÇÔöÇÔöÇÔöÇÔöÇÔöÇÔöÇÔöÇÔöÇÔöÇÔöÇÔöÇÔöÇÔöÇÔöÇÔöÇÔöÇÔöÇÔöÇÔöÇÔöÇÔöÇÔöÇÔöÇÔöÇÔöÇÔöÇÔöÇÔöÇÔöÇÔöÇÔöÇÔöÇÔöÇÔöÇÔöÇÔöÇÔöÇÔöÇÔöÇÔöÇÔöÿ

  Ôû▓ Next.js 14.2.35
  - Environments: .env.local, .env.production, .env
  - Experiments (use with caution):
    ┬À instrumentationHook

   Creating an optimized production build ...
node.exe : [@sentry/nextjs] DEPRECATION WARNING: It is recommended renaming 
your `sentry.client.config.ts` file, or moving its content to 
`instrumentation-client.ts`. When using Turbopack `sentry.client.config.ts` 
will no longer work. Read more about the `instrumentation-client.ts` file: htt
ps://nextjs.org/docs/app/api-reference/file-conventions/instrumentation-client
En línea: 1 Carácter: 1
+ & "C:\Program Files\nodejs/node.exe" "C:\Program Files\nodejs/node_mo ...
+ ~~~~~~~~~~~~~~~~~~~~~~~~~~~~~~~~~~~~~~~~~~~~~~~~~~~~~~~~~~~~~~~~~~~~~
    + CategoryInfo          : NotSpecified: ([@sentry/nextjs...entation-clien 
   t:String) [], RemoteException
    + FullyQualifiedErrorId : NativeCommandError
 
 Ô£ô Compiled successfully
   Skipping validation of types
   Skipping linting
   Collecting page data ...
Error: STRIPE_SECRET_KEY is required in production. Please set it in your 
environment variables.
    at C:\Projects\DOS ANTIGRAVITY\solistech-pro\.next\server\app\api\webhooks
\stripe\route.js:1:14638
    at 40344 (C:\Projects\DOS ANTIGRAVITY\solistech-pro\.next\server\app\api\w
ebhooks\stripe\route.js:1:14746)
    at t (C:\Projects\DOS 
ANTIGRAVITY\solistech-pro\.next\server\webpack-runtime.js:1:526)
    at 34204 (C:\Projects\DOS ANTIGRAVITY\solistech-pro\.next\server\app\api\w
ebhooks\stripe\route.js:1:3568)
    at t (C:\Projects\DOS 
ANTIGRAVITY\solistech-pro\.next\server\webpack-runtime.js:1:526)
    at r (C:\Projects\DOS ANTIGRAVITY\solistech-pro\.next\server\app\api\webho
oks\stripe\route.js:1:14882)
    at C:\Projects\DOS ANTIGRAVITY\solistech-pro\.next\server\app\api\webhooks
\stripe\route.js:1:14930
    at t.X (C:\Projects\DOS 
ANTIGRAVITY\solistech-pro\.next\server\webpack-runtime.js:1:2603)
    at C:\Projects\DOS ANTIGRAVITY\solistech-pro\.next\server\app\api\webhooks
\stripe\route.js:1:14895
    at Object.<anonymous> (C:\Projects\DOS ANTIGRAVITY\solistech-pro\.next\ser
ver\app\api\webhooks\stripe\route.js:1:14958)

> Build error occurred
Error: Failed to collect page data for /api/webhooks/stripe
    at C:\Projects\DOS 
ANTIGRAVITY\solistech-pro\node_modules\next\dist\build\utils.js:1269:15
    at process.processTicksAndRejections 
(node:internal/process/task_queues:105:5) {
  type: 'Error'
}
